Evaluating: Use this skill for ANY task that touches Dragonfly (dragonflydb) together with a server-side script or its performance: writing, designing, reviewing, porting or optimizing Lua/EVAL/EVALSHA scripts; redis.call loops; SCRIPT LOAD/LATENCY/FLAGS; INFO eval_*_coordination_total or lua_* counters; hashtags, shard placement, --lock_on_hashtags, --!df flags (disable-atomicity, allow-undeclared-keys); choosing between a Lua script, a pipeline, MULTI or a native command (e.g. Lua rate limiter vs CL.THROTTLE); BullMQ-style queue, lease or claim scripts moving from Redis to Dragonfly; a script whose p99 regressed. Consult it even when the question looks answerable from Redis knowledge: on Dragonfly the per-call cost differs 27x by key placement, the flag syntax and metrics differ, and common Redis advice measured wrong; the skill ships lab-measured numbers, an audit script and a bench harness. Not for Dragonfly deployment, replication, operator or memory questions with no script, and not for plain Redis with no Dragonfly.
Results: 10/20 passed
  [FAIL] rate=0/3 expected=True: we're moving our BullMQ-style queue scripts from redis 7 to dragonfly.
  [FAIL] rate=0/3 expected=True: need a dragonfly lua op renew_leases_batch: up to 64 leases in {t}:lea
  [FAIL] rate=1/3 expected=True: our worker claims jobs with an EVALSHA script on dragonfly (v1.34) and
  [FAIL] rate=1/3 expected=True: Review this Lua for Dragonfly: it loops over ~8000 grant fields doing 
  [FAIL] rate=1/3 expected=True: INFO on our dragonfly shows eval_io_coordination_total climbing ~200/s
  [FAIL] rate=0/3 expected=True: how do I read SCRIPT LATENCY output from dragonfly and get p99 per scr
  [FAIL] rate=0/3 expected=True: is it worth turning my 12-command pipeline into a single Lua script on
  [FAIL] rate=1/3 expected=True: apply_page.lua builds a 20MB json plan with cjson.encode and HSETs it 
  [FAIL] rate=0/3 expected=True: dragonfly: my script uses --!df flags=disable-atomicity because the ke
  [FAIL] rate=0/3 expected=True: we implement rate limiting with a lua sliding-window script (ZADD/ZREM
  [PASS] rate=0/3 expected=False: set up the dragonfly kubernetes operator with 3 replicas, snapshots ev
  [PASS] rate=0/3 expected=False: redis 7.2 cluster: my Lua script gets CROSSSLOT errors when the keys a
  [PASS] rate=0/3 expected=False: write a clickhouse materialized view that aggregates email opens per d
  [PASS] rate=0/3 expected=False: what's the difference between dragonfly, valkey and keydb for a sessio
  [PASS] rate=1/3 expected=False: BullMQ on dragonfly: jobs stay in 'waiting' after a worker restart. we
  [PASS] rate=0/3 expected=False: dragonfly is using 6GB with maxmemory=4GB and cache_mode=true. why isn
  [PASS] rate=0/3 expected=False: our postgres query planner picks a seq scan on the mailboxes table eve
  [PASS] rate=0/3 expected=False: how do I configure dragonfly replication with --replicaof and make fai
  [PASS] rate=0/3 expected=False: my redis-py code does r.eval(script, 2, k1, k2) and I want to switch t
  [PASS] rate=0/3 expected=False: explain how Dragonfly's dashtable saves memory compared to redis dict.
{
  "skill_name": "dragonfly-scripting",
  "description": "Use this skill for ANY task that touches Dragonfly (dragonflydb) together with a server-side script or its performance: writing, designing, reviewing, porting or optimizing Lua/EVAL/EVALSHA scripts; redis.call loops; SCRIPT LOAD/LATENCY/FLAGS; INFO eval_*_coordination_total or lua_* counters; hashtags, shard placement, --lock_on_hashtags, --!df flags (disable-atomicity, allow-undeclared-keys); choosing between a Lua script, a pipeline, MULTI or a native command (e.g. Lua rate limiter vs CL.THROTTLE); BullMQ-style queue, lease or claim scripts moving from Redis to Dragonfly; a script whose p99 regressed. Consult it even when the question looks answerable from Redis knowledge: on Dragonfly the per-call cost differs 27x by key placement, the flag syntax and metrics differ, and common Redis advice measured wrong; the skill ships lab-measured numbers, an audit script and a bench harness. Not for Dragonfly deployment, replication, operator or memory questions with no script, and not for plain Redis with no Dragonfly.",
  "results": [
    {
      "query": "we're moving our BullMQ-style queue scripts from redis 7 to dragonfly. they start with #!lua flags=no-writes and use redis.setresp(3). what breaks and what should I change in the scripts themselves?",
      "should_trigger": true,
      "trigger_rate": 0.0,
      "triggers": 0,
      "runs": 3,
      "pass": false
    },
    {
      "query": "need a dragonfly lua op renew_leases_batch: up to 64 leases in {t}:leases hash + {t}:due zset, renew only if token matches, return per-item status. write the script and tell me how to check it's not slow before we ship",
      "should_trigger": true,
      "trigger_rate": 0.0,
      "triggers": 0,
      "runs": 3,
      "pass": false
    },
    {
      "query": "our worker claims jobs with an EVALSHA script on dragonfly (v1.34) and p99 went from 8ms to 60ms after we grew the due zset to ~5k entries. script is in crates/store/assets/claim_batch.lua, 14 KEYS all under {inbound}. where do I even start looking?",
      "should_trigger": true,
      "trigger_rate": 0.3333333333333333,
      "triggers": 1,
      "runs": 3,
      "pass": false
    },
    {
      "query": "Review this Lua for Dragonfly: it loops over ~8000 grant fields doing redis.call('HGET', KEYS[7], f) each. Is HMGET actually faster on Dragonfly or is that just a Redis thing? Server flags are defaults + proactor_threads=4.",
      "should_trigger": true,
      "trigger_rate": 0.3333333333333333,
      "triggers": 1,
      "runs": 3,
      "pass": false
    },
    {
      "query": "INFO on our dragonfly shows eval_io_coordination_total climbing ~200/s and eval_shardlocal_coordination_total flat. all our keys share one hashtag. does that mean our scripts are on the slow path? should we enable lock_on_hashtags?",
      "should_trigger": true,
      "trigger_rate": 0.3333333333333333,
      "triggers": 1,
      "runs": 3,
      "pass": false
    },
    {
      "query": "how do I read SCRIPT LATENCY output from dragonfly and get p99 per script sha? the histogram buckets look weird and never reset",
      "should_trigger": true,
      "trigger_rate": 0.0,
      "triggers": 0,
      "runs": 3,
      "pass": false
    },
    {
      "query": "is it worth turning my 12-command pipeline into a single Lua script on dragonfly? keys are in 3 different hashtags. I read that scripts are always faster than pipelines in redis",
      "should_trigger": true,
      "trigger_rate": 0.0,
      "triggers": 0,
      "runs": 3,
      "pass": false
    },
    {
      "query": "apply_page.lua builds a 20MB json plan with cjson.encode and HSETs it before applying, every time, even on the happy path. on dragonfly, is that blocking other clients on the shard? how would I measure that",
      "should_trigger": true,
      "trigger_rate": 0.3333333333333333,
      "triggers": 1,
      "runs": 3,
      "pass": false
    },
    {
      "query": "dragonfly: my script uses --!df flags=disable-atomicity because the keys are hot. throughput got worse not better. why?",
      "should_trigger": true,
      "trigger_rate": 0.0,
      "triggers": 0,
      "runs": 3,
      "pass": false
    },
    {
      "query": "we implement rate limiting with a lua sliding-window script (ZADD/ZREMRANGEBYSCORE/ZCARD) on dragonfly. should we keep that or is there a native command",
      "should_trigger": true,
      "trigger_rate": 0.0,
      "triggers": 0,
      "runs": 3,
      "pass": false
    },
    {
      "query": "set up the dragonfly kubernetes operator with 3 replicas, snapshots every 5 minutes and an ACL file. what does the CRD look like",
      "should_trigger": false,
      "trigger_rate": 0.0,
      "triggers": 0,
      "runs": 3,
      "pass": true
    },
    {
      "query": "redis 7.2 cluster: my Lua script gets CROSSSLOT errors when the keys are in different slots. how do I fix the hash tags in my key names? (this is AWS elasticache, not dragonfly)",
      "should_trigger": false,
      "trigger_rate": 0.0,
      "triggers": 0,
      "runs": 3,
      "pass": true
    },
    {
      "query": "write a clickhouse materialized view that aggregates email opens per domain per hour from the raw events table",
      "should_trigger": false,
      "trigger_rate": 0.0,
      "triggers": 0,
      "runs": 3,
      "pass": true
    },
    {
      "query": "what's the difference between dragonfly, valkey and keydb for a session cache? we just do GET/SET/EXPIRE",
      "should_trigger": false,
      "trigger_rate": 0.0,
      "triggers": 0,
      "runs": 3,
      "pass": true
    },
    {
      "query": "BullMQ on dragonfly: jobs stay in 'waiting' after a worker restart. we use the default prefix, no hashtag. is this a config thing on the BullMQ side?",
      "should_trigger": false,
      "trigger_rate": 0.3333333333333333,
      "triggers": 1,
      "runs": 3,
      "pass": true
    },
    {
      "query": "dragonfly is using 6GB with maxmemory=4GB and cache_mode=true. why isn't eviction keeping it under the limit? no lua involved, just plain SET/GET with TTL",
      "should_trigger": false,
      "trigger_rate": 0.0,
      "triggers": 0,
      "runs": 3,
      "pass": true
    },
    {
      "query": "our postgres query planner picks a seq scan on the mailboxes table even with an index on (workspace_id, due_at). explain analyze attached",
      "should_trigger": false,
      "trigger_rate": 0.0,
      "triggers": 0,
      "runs": 3,
      "pass": true
    },
    {
      "query": "how do I configure dragonfly replication with --replicaof and make failover automatic on docker compose? no scripts, just the topology",
      "should_trigger": false,
      "trigger_rate": 0.0,
      "triggers": 0,
      "runs": 3,
      "pass": true
    },
    {
      "query": "my redis-py code does r.eval(script, 2, k1, k2) and I want to switch to register_script so I can pipeline it. this is against a managed redis on GCP",
      "should_trigger": false,
      "trigger_rate": 0.0,
      "triggers": 0,
      "runs": 3,
      "pass": true
    },
    {
      "query": "explain how Dragonfly's dashtable saves memory compared to redis dict. I'm writing an internal wiki page, no code",
      "should_trigger": false,
      "trigger_rate": 0.0,
      "triggers": 0,
      "runs": 3,
      "pass": true
    }
  ],
  "summary": {
    "total": 20,
    "passed": 10,
    "failed": 10
  }
}
